Anotações


charles@GVQP5V2 MINGW64 /e/SANDISK/Pessoal/Apostilas_e_aplicativos/Projetos/git
$ git clone https://github.com/ChlsAnderson/desafio-novo-repositorio-dio.git
Cloning into 'desafio-novo-repositorio-dio'...
remote: Enumerating objects: 6, done.
remote: Counting objects: 100% (6/6), done.
remote: Compressing objects: 100% (4/4), done.
remote: Total 6 (delta 1), reused 0 (delta 0), pack-reused 0
Receiving objects: 100% (6/6), done.
Resolving deltas: 100% (1/1), done.

charles@GVQP5V2 MINGW64 /e/SANDISK/Pessoal/Apostilas_e_aplicativos/Projetos/git
$ cd desafio-novo-repositorio-dio/

charles@GVQP5V2 MINGW64 /e/SANDISK/Pessoal/Apostilas_e_aplicativos/Projetos/git/desafio-novo-repositorio-dio (main)
$ dit status
bash: dit: command not found

charles@GVQP5V2 MINGW64 /e/SANDISK/Pessoal/Apostilas_e_aplicativos/Projetos/git/desafio-novo-repositorio-dio (main)
$ git status
On branch main
Your branch is up to date with 'origin/main'.

nothing to commit, working tree clean

charles@GVQP5V2 MINGW64 /e/SANDISK/Pessoal/Apostilas_e_aplicativos/Projetos/git/desafio-novo-repositorio-dio (main)
$ git status
On branch main
Your branch is up to date with 'origin/main'.

Untracked files:
  (use "git add <file>..." to include in what will be committed)
        "Introdu\303\247\303\243o ao git e github/"

nothing added to commit but untracked files present (use "git add" to track)

charles@GVQP5V2 MINGW64 /e/SANDISK/Pessoal/Apostilas_e_aplicativos/Projetos/git/desafio-novo-repositorio-dio (main)
$ git add .

charles@GVQP5V2 MINGW64 /e/SANDISK/Pessoal/Apostilas_e_aplicativos/Projetos/git/desafio-novo-repositorio-dio (main)
$ git status
On branch main
Your branch is up to date with 'origin/main'.

Changes to be committed:
  (use "git restore --staged <file>..." to unstage)
        new file:   "Introdu\303\247\303\243o ao git e github/Anota\303\247\303\265es.txt"


charles@GVQP5V2 MINGW64 /e/SANDISK/Pessoal/Apostilas_e_aplicativos/Projetos/git/desafio-novo-repositorio-dio (main)
$ git commit -m "inclusão das anotações do curso git/github"
[main df2d633] inclusão das anotações do curso git/github
 1 file changed, 1 insertion(+)
 create mode 100644 "Introdu\303\247\303\243o ao git e github/Anota\303\247\303\265es.txt"

charles@GVQP5V2 MINGW64 /e/SANDISK/Pessoal/Apostilas_e_aplicativos/Projetos/git/desafio-novo-repositorio-dio (main)
$ git status
On branch main
Your branch is ahead of 'origin/main' by 1 commit.
  (use "git push" to publish your local commits)

nothing to commit, working tree clean

charles@GVQP5V2 MINGW64 /e/SANDISK/Pessoal/Apostilas_e_aplicativos/Projetos/git/desafio-novo-repositorio-dio (main)
$ git push origin main
Enumerating objects: 5, done.
Counting objects: 100% (5/5), done.
Delta compression using up to 8 threads
Compressing objects: 100% (2/2), done.
Writing objects: 100% (4/4), 398 bytes | 398.00 KiB/s, done.
Total 4 (delta 0), reused 0 (delta 0), pack-reused 0
To https://github.com/ChlsAnderson/desafio-novo-repositorio-dio.git
   a02a3bf..df2d633  main -> main

charles@GVQP5V2 MINGW64 /e/SANDISK/Pessoal/Apostilas_e_aplicativos/Projetos/git/desafio-novo-repositorio-dio (main)
$